[36mrolldown-vite v7.2.5 [32mbuilding client environment for production...[36m[39m
[2K
transforming...Ô£ô 2627 modules transformed.
node.exe : 
[31mÔ£ù[39m Build 
failed in 422ms
At line:1 char:1
+ & "C:\Program Files
\nodejs/node.exe" 
"C:\Program 
Files\nodejs/node_mo 
...
+ ~~~~~~~~~~~~~~~~~~~
~~~~~~~~~~~~~~~~~~~~~
~~~~~~~~~~~~~~~~~~~~~
~~~~~~~~
    + CategoryInfo   
           : NotSpe  
  cified: ([31mÔ£   
 ù[39m Build fai    
led in 422ms:Str    
ing) [], RemoteE    
xception
    + FullyQualified 
   ErrorId : Native  
  CommandError
 
[31merror during 
build:
[31mBuild failed 
with 2 errors:

[31m[builtin:transfo
rm] Error:[0m 
Unterminated string
    [38;5;246mÔò¡[0
m[38;5;246mÔöÇ[0m[
38;5;246m[[0m src/co
mponents/zoohub/chord
ata/chondrichthyes/ca
rcharodon-carcharias/
CarcharodonCarcharias
.jsx:1:3 
[38;5;246m][0m
    
[38;5;246mÔöé[0m
 [38;5;246m 1 
Ôöé[0m Ôò¡ÔöÇÔûÂ [3
8;5;249m`[0m[38;5;2
49m`[0m`
 [38;5;240m   
Ôöå[0m Ôöå   
 [38;5;246m41 
Ôöé[0m Ôö£ÔöÇÔûÂ 
export default 
Grantia;
 [38;5;240m   
Ôöé[0m Ôöé          
                  
 [38;5;240m   
Ôöé[0m Ôò░ÔöÇÔöÇÔöÇÔ
öÇÔöÇÔöÇÔöÇÔöÇÔöÇÔöÇÔ
öÇÔöÇÔöÇÔöÇÔöÇÔöÇÔöÇÔ
öÇÔöÇÔöÇÔöÇÔöÇÔöÇÔöÇÔ
öÇÔöÇÔöÇÔöÇ 
[38;5;246mÔöÇÔöÇÔöÇÔ
öÇÔò»[0m

[31m[builtin:transfo
rm] Error:[0m 
Expected a semicolon 
or an implicit 
semicolon after a 
statement, but found 
none
   [38;5;246mÔò¡[0m
[38;5;246mÔöÇ[0m[3
8;5;246m[[0m src/com
ponents/zoohub/chorda
ta/chondrichthyes/car
charodon-carcharias/C
archarodonCarcharias.
jsx:1:3 
[38;5;246m][0m
   [38;5;246mÔöé[0m
 [38;5;246m1 
Ôöé[0m [38;5;249m`
[0m[38;5;249m`[0m[
38;5;249m`[0m
 [38;5;240m  
Ôöé[0m   Ôöé 
 [38;5;240m  
Ôöé[0m   Ôò░ÔöÇ 
 [38;5;240m  
Ôöé[0m 
 [38;5;240m  
Ôöé[0m 
[38;5;115mHelp[0m: 
Try inserting a 
semicolon here
[38;5;246mÔöÇÔöÇÔöÇÔ
ò»[0m
[31m
    at aggregateBindi
ngErrorsIntoJsError (
file:///D:/zoolearn/o
ngoing/my-react-app/n
ode_modules/rolldown/
dist/shared/src-CYkh2
Ybc.mjs:2659:18)
    at 
unwrapBindingResult (
file:///D:/zoolearn/o
ngoing/my-react-app/n
ode_modules/rolldown/
dist/shared/src-CYkh2
Ybc.mjs:2634:128)
    at #build (file:/
//D:/zoolearn/ongoing
/my-react-app/node_mo
dules/rolldown/dist/s
hared/src-CYkh2Ybc.mj
s:4433:34)
    at async 
buildEnvironment (fil
e:///D:/zoolearn/ongo
ing/my-react-app/node
_modules/vite/dist/no
de/chunks/node.js:334
68:64)
    at async 
Object.build (file://
/D:/zoolearn/ongoing/
my-react-app/node_mod
ules/vite/dist/node/c
hunks/node.js:33871:1
9)
    at async 
Object.buildApp (file
:///D:/zoolearn/ongoi
ng/my-react-app/node_
modules/vite/dist/nod
e/chunks/node.js:3386
8:153)
    at async 
CAC.<anonymous> (file
:///D:/zoolearn/ongoi
ng/my-react-app/node_
modules/vite/dist/nod
e/cli.js:629:3)[39m
